put this into /etc/network/interfaces.d/wg0.cfg

## WireGuard configuration for wg0
auto wg0
iface wg0 inet static
	address 10.10.10.10
	netmask 255.255.255.0
	pre-up wg-quick up $IFACE
	post-down wg-quick down $IFACE

put this into /etc/wireguard/wg0.conf

[Interface]
PrivateKey = PRIVATE-KEY
ListenPort = 51820

[Peer]
PublicKey  = PUBLIC-CLIENT-KEY-1
AllowedIPs = 10.10.10.11/32

[Peer]
PublicKey  = PUBLIC-CLIENT-KEY-2
AllowedIPs = 10.10.10.12/32

don't forget, there is a private key in there:

  chown root:root /etc/wireguard/wg0.conf
  chmod 600 /etc/wireguard/wg0.conf

